#-----------------------------------------------------------
# Vivado v2018.3 (64-bit)
# SW Build 2405991 on Thu Dec  6 23:38:27 MST 2018
# IP Build 2404404 on Fri Dec  7 01:43:56 MST 2018
# Start of session at: Thu Aug 17 15:00:44 2023
# Process ID: 15968
# Current directory: C:/Users/password_is_447/Desktop/BaiduSyncdisk/project/image_compress/ram_system
# Command line: vivado.exe -gui_launcher_event rodinguilauncherevent22172 C:\Users\password_is_447\Desktop\BaiduSyncdisk\project\image_compress\ram_system\ram_system.xpr
# Log file: C:/Users/password_is_447/Desktop/BaiduSyncdisk/project/image_compress/ram_system/vivado.log
# Journal file: C:/Users/password_is_447/Desktop/BaiduSyncdisk/project/image_compress/ram_system\vivado.jou
#-----------------------------------------------------------
start_gui
open_project C:/Users/password_is_447/Desktop/BaiduSyncdisk/project/image_compress/ram_system/ram_system.xpr
open_bd_design {C:/Users/password_is_447/Desktop/BaiduSyncdisk/project/image_compress/ram_system/ram_system.srcs/sources_1/bd/system/system.bd}
regenerate_bd_layout
update_compile_order -fileset sources_1
regenerate_bd_layout
regenerate_bd_layout
regenerate_bd_layout
open_bd_design {C:/Users/password_is_447/Desktop/BaiduSyncdisk/project/image_compress/ram_system/ram_system.srcs/sources_1/bd/system/system.bd}
regenerate_bd_layout
regenerate_bd_layout
